Variant	Chrom	Pos	Primer	F_Primer	R_Primer	Genome	Gene	Transcript	Exon	Intron	Product_Size	GC%	Dist_F	Dist_R
one	15	48787380	FRD7	CAGCACTGGGACTTTAAGGT	CCCAGCTTTACTGTGTGGGA	hg19	FBN1	FBN1-001	-	21/65	532	35.9	10	521
one	15	48787380	HX10	TGCAAAGACCATTGGAGTGG	ATGGAGTCTGCAAGAACAGC	hg19	FBN1	FBN1-001	-	21/65	483	39.1	110	372
one	15	48787380	LX20	GCAGCACTGGGACTTTAAGG	CCCAGCTTTACTGTGTGGGA	hg19	FBN1	FBN1-001	-	21/65	533	36.0	11	521
one	15	48787380	FUK22	AGCTCAGAACCCCTAACCAC	AATGTCAGCTTTTCCTGCAAAA	hg19	FBN1	FBN1-001	22/66	-	582	40.40000000000001	349	232
two	16	15931964	FRD6	CAGGAGTAGGTACCTGGCTG	CTTTCTGAAGGGCCTTTGGG	hg19	MYH11	MYH11-013	2/43	-	574	54.50000000000001	233	340
two	16	15931964	LX37	CTCCCTCAGGTTGTGTAGCA	GTTCCTAGACAGGGCAAGGT	hg19	MYH11	MYH11-013	2/43	-	424	56.39999999999999	175	248
two	16	15931964	LX38	GGGTGGGTTCATCTTCTGGA	ACCTTGTCCAGCCCTACTTC	hg19	MYH11	MYH11-013	-	1/42	584	52.6	100	483
