Primer	F_Primer	R_Primer	Genome	Gene	Transcript	Exon	Intron	Product_Size	Primer_Range	GC%
FRD1	GGGAGAGAACTAGTGCAGGA	GGAAACCTTGAGGGCCCTAA	hg19	COL1A2	COL1A2-001	-	6/51	323bp	chr7:94033698-94034020	42.4
FRD2	TGCCAATGCAAAGCAGACAA	ACATTAGCTTTCTAAAGAAGACTGTT	hg19	COL5A2	COL5A2-001	-	12/53	367bp	chr2:189948512-189948878	34.9
FRD3	CCTGCCATGCTGGTCAATAC	GCATCACCCTTTGGACCCT	hg19	COL3A1	COL3A1-001	-	28/50	669bp	chr2:189862748-189863416	32.0
FRD4	CGTGGGTCCTGCTGTAAGTT	TCTGCAAACACAGTTCCAATCT	hg19	COL1A2	COL1A2-001	-	15/51	535bp	chr7:94037680-94038214	40.9
FRD5	GGTCCAAAGGCTGTACGGAT	GTGGGTCACTTCTGAGGGAA	hg19	MYLK	MYLK-001	-	22/33	409bp	chr3:123385004-123385412	55.00000000000001
FRD6	CAGGAGTAGGTACCTGGCTG	CTTTCTGAAGGGCCTTTGGG	hg19	MYH11	MYH11-013	2/43	-	574bp	chr16:15931731-15932304	54.50000000000001
FRD7	CAGCACTGGGACTTTAAGGT	CCCAGCTTTACTGTGTGGGA	hg19	FBN1	FBN1-001	-	21/65	532bp	chr15:48787370-48787901	35.9
FRD8	TTTCTGTGCCTCCTCCCTG	TGAGCTTCTCCTCCTGCTTC	hg19	SKI	SKI-001	5/7	-	433bp	chr1:2235557-2235989	66.3
FRD9	CTGCTCTCCTATGCCCTCAA	ACAGCCAGCTAGCAACAGAG	hg19	SLC2A10	SLC2A10-001	2/5	-	471bp	chr20:45354117-45354587	63.1
FRD10	GCCAGGTTAGAGAAGGGAGG	CTCTTAGACCCGGGGGAAAG	hg19	COL1A1	COL1A1-001	2/51	-	543bp	chr17:48276844-48277386	65.60000000000001
FRD11	GCCAGAAGCCTTCACCTTTG	TGCTCCCCTGTATACTTGGC	hg19	COL5A1	COL5A1-001	6/66	-	651bp	chr9:137620238-137620888	62.7
FRD12	GTGTTCAGTTGTTGAGGGCT	AAGCCTCTGGGAAGAATGGT	hg19	TGFB2	TGFB2-002	-	5/7	705bp	chr1:218608948-218609652	42.699999999999996
FRD13	TGCACTCAGAGTAACCACCT	ACTGCTTGGTGGCCAATTATC	hg19	COL5A2	COL5A2-001	-	16/53	600bp	chr2:189942808-189943407	34.300000000000004
FRD14	CTTAAGGGCCTTGGGAGGAA	TTCAGTCCAAGAGCTCCCTG	hg19	COL5A1	COL5A1-001	-	39/65	625bp	chr9:137696399-137697023	61.8
FRD15	AGCACTGCCATAATGCACTG	CTCTGCATGATGGTTCCTGC	hg19	FBN1	FBN1-001	-	7/65	559bp	chr15:48829507-48830065	48.1
FRD16	AGAAAGAGCCTTGGGAGGTC	CTCCACTTTTCCAGCCCCTA	hg19	COL1A1	COL1A1-001	11/51	-	559bp	chr17:48274105-48274663	55.50000000000001
FRD17	ACTGCAATGGAAGGAGAGGA	ACCCTGCACGTAAACCAGAA	hg19	FBN1	FBN1-001	-	13/65	676bp	chr15:48802197-48802872	32.7
FRD18	TCAAGGAGATCAGGCAAGCA	TCCGCTCACTACAACCTCTG	hg19	FBN1	FBN1-001	-	4/65	779bp	chr15:48892074-48892852	42.0
FRD19	ACAAAGCCTACCTTGACCCT	TGGGTCTAATCTACATGAGAGACA	hg19	TGFBR1	TGFBR1-001	4/9	-	593bp	chr9:101899903-101900495	34.9
FRD20	AGTCAAAGCAGAAGGAGGGT	TGGGCTAGTTTATGCAAAGCT	hg19	FBN1	FBN1-001	-	31/65	574bp	chr15:48775720-48776293	38.2
FRD21	GAAAGGCCTTGGAGCAGAAG	TAGGCACGGTAAGACGTTGT	hg19	SKI	SKI-001	7/7	-	554bp	chr1:2237772-2238325	73.3
FRD22	TTACTGGACGCCCACTCTAC	GGAAGGGGAGGGGACATG	hg19	RP11-729L2.2	SMAD4-201	1/12	-	738bp	chr18:48556284-48557021	72.6
FRD23	GCTGGGAAGCTACACCACTA	GTCTATAGGAGAAGTGCCCAGA	hg19	FBN1	FBN1-001	-	36/65	546bp	chr15:48762548-48763093	46.300000000000004
FRD24	GGGGGTCTGAAAAGCCTTTG	ATACCTGGGCCGAGTACTTG	hg19	SKI	SKI-001	6/7	-	422bp	chr1:2237272-2237693	68.0
CXE	GACAGGGACAGGAGAGCAAT	GAACTCTAGGGACTGGCCAG	hg19	COL1A1	COL1A1-001	-	15/50	515bp	chr17:48273106-48273620	58.599999999999994
GXYUK1	TGGTGCAGTAAGTTGCCTTG	TTAGCTCCTGGAACACCTGG	hg19	COL3A1	COL3A1-001	19/51	-	433bp	chr2:189859052-189859484	35.3
GXYUK10	CCCTCCGGGCTTAGTTCTAG	TCCAGCTTCTCGTGTGACTT	hg19	COL5A1	COL5A1-001	-	58/65	584bp	chr9:137713527-137714110	60.8
GXYUK3	TTCTCCCAGAGTTATCCCCA	CACTTACAGGGCTACCACGA	hg19	COL3A1	COL3A1-001	-	32/50	412bp	chr2:189865911-189866322	39.6
GXYUK4	TGGCAATTATCACTTGTTATTCATCA	TTCAGATAGGCTAGATCAAACAAAAA	hg19	COL5A2	COL5A2-001	-	47/53	571bp	chr2:189907723-189908293	31.3
GXYUK6	AGAACATTACAGGTACCCCCTA	GTGGAGGTTCAGAGGAGAGG	hg19	COL5A2	COL5A2-001	-	18/53	523bp	chr2:189933381-189933903	44.6
GXYUK7	TGCTTGGAAGAATTCTTGGCA	TACTACTGCTTGGTGGCCAA	hg19	COL5A2	COL5A2-001	-	16/53	560bp	chr2:189942852-189943411	33.900000000000006
GXYUK9	ACTCAAGAGAAGACAGTTCATCTC	CACACGGAAGCATGTTCTCA	hg19	COL1A2	COL1A2-001	-	48/51	472bp	chr7:94056382-94056853	46.400000000000006
GXYY1	GCCAATGCAAAGCAGACAAC	TGTTCATAAAATAGTGAGCTACATCAG	hg19	COL5A2	COL5A2-001	-	11/53	533bp	chr2:189948513-189949045	33.4
GXYY2	GGACCAAAAGGTGATGCTGG	CCCCCTTCAAAACTGACAGTC	hg19	COL3A1	COL3A1-001	-	40/50	600bp	chr2:189868807-189869406	39.800000000000004
GXYY3	GCCCTTTTCACAAGCTGGAA	CCCAGAGGCACCATTTTGAA	hg19	COL5A2	COL5A2-001	-	44/53	595bp	chr2:189913678-189914272	38.2
GXYY4	GTGCATCAGAGAGGACTTGC	GGAGGGAAGACTGGGATGAG	hg19	COL1A1	COL1A1-001	-	8/50	508bp	chr17:48274966-48275473	51.2
GXYY5	TGCCCCAAGCTAATCACCAA	CATCAGTCCAGGAGCTCCAG	hg19	COL3A1	COL3A1-001	-	16/50	522bp	chr2:189858474-189858995	34.300000000000004
GXYY6	ATGGTAAGCTGTCCCCACTC	GGCACCATTCTTACCAGGCT	hg19	COL3A1	COL3A1-001	18/51	-	485bp	chr2:189858806-189859290	41.4
GXYY7	CCACAACAATGGCACTGCTA	AGGCATATTCAGCTTTTGGCA	hg19	COL1A2	COL1A2-001	8/52	-	541bp	chr7:94033770-94034310	42.1
GXYY8	ACCTCCTGGGGTTTCAGAAG	CCTGTCAGATCCCTCCCAAG	hg19	COL5A1	COL5A1-001	-	29/65	572bp	chr9:137676420-137676991	56.99999999999999
GXYY9	ATCACGTGACCCTAAAGGCA	TGAGTTCAGGATGGCAGAATT	hg19	COL3A1	COL3A1-001	48/51	-	452bp	chr2:189873490-189873941	45.4
HUK1	CTGGCTTTGACACCGAACTG	TCTGGCCTTAGCAGTGAGTT	hg19	TGFB2	TGFB2-002	6/8	-	530bp	chr1:218609071-218609600	42.1
HUK10	CACCAAAAGGAAGACAGCCC	CAGACGACCTTTGCCCAAAG	hg19	FBN1	FBN1-001	12/66	-	486bp	chr15:48807369-48807854	43.6
HUK2	TGTGCCTACAACCTATCAACTG	TGAATTGGTTACCATTATTCACACCT	hg19	COL3A1	COL3A1-001	-	10/50	494bp	chr2:189855435-189855928	28.7
HUK3	GGACCAGGAAGTGATGGGAA	AGCTCCCTTCCTACATGCAA	hg19	COL3A1	COL3A1-001	-	23/50	497bp	chr2:189860872-189861368	38.2
HUK4	ACACACTGTTTGTTTGTCAACT	TCTGTAGTGATTATGAATGTCAGAGA	hg19	COL3A1	COL3A1-001	-	28/50	573bp	chr2:189863089-189863661	30.0
HUK5	TGTTGTTGCATGTAGGGACAG	ACCTTTGACACCTTGGGGAC	hg19	COL3A1	COL3A1-001	-	36/50	501bp	chr2:189867666-189868166	40.9
HUK7	CATTTCACAGGGTGCTGCTG	TCCAGTGATCCCAGCAATCC	hg19	COL3A1	COL3A1-001	39/51	-	572bp	chr2:189868450-189869021	42.3
HUK8	TCTTTGTGGTTCAGTGCTGC	CTGGATTCTCAGCATTTCTCAGT	hg19	FBN1	FBN1-001	53/66	-	559bp	chr15:48728946-48729504	34.9
HUK9	CCCAGGACTTCTTGGACCAA	CCTGGAAACCTGCTTCCTGA	hg19	FBN1	FBN1-001	25/66	-	407bp	chr15:48781862-48782268	46.9
HXE1	TGTGTTGTGGAGTGCAAGTG	TTCTGAGTTTTCAACATGACCTTT	hg19	SMAD4	SMAD4-201	9/12	-	400bp	chr18:48591719-48592118	37.5
LUK1	CATCTCGTGCTTCGTGGTG	GTAATCCTGGCTCAGCAGGA	hg19	SKI	SKI-001	1/7	-	547bp	chr1:2160532-2161078	66.4
LUK11	TGGGACTGGTGAGAGGTCT	ACTCTCCTTTCCTCGGTGTG	hg19	COL5A1	COL5A1-001	-	40/65	590bp	chr9:137696693-137697282	62.0
LUK12	ATCCCTCTCTGTGTACCCCT	TAAGTACCCTGCTGTGTCCC	hg19	COL1A1	COL1A1-001	45/51	-	400bp	chr17:48265056-48265455	57.99999999999999
LUK13	CACCAGTGTCTCCTTTGCTG	ACTCCTTTCTCTGTGCCACA	hg19	COL1A1	COL1A1-001	19/51	-	439bp	chr17:48272422-48272860	63.6
LUK4	TCCCAGTGCTTTTTAAGGCC	GGGATAGCAATGTGGACAGG	hg19	COL3A1	COL3A1-001	47/51	-	592bp	chr2:189872559-189873150	42.199999999999996
LUK5	AAGTGATGGCAGCCTACCTT	CAGGACCAGGGACTTTGGAT	hg19	MYLK	MYLK-001	25/34	-	444bp	chr3:123375956-123376399	52.900000000000006
LUK6	TGTCTTTTGTGAGTGGCAGC	CTGGGCATTCACCATCAAGG	hg19	COL5A1	COL5A1-001	5/66	-	560bp	chr9:137618943-137619502	49.8
LUK7	CTCTTGTGCTTCTGATGAGGC	GCTCCCCTGTATACTTGGCA	hg19	COL5A1	COL5A1-001	6/66	-	576bp	chr9:137620312-137620887	63.5
LUK8	TTCCAGAGTCTCCTGTCCCT	GCCAGCTCCTTTCCATTCAG	hg19	COL5A1	COL5A1-001	-	14/65	501bp	chr9:137644304-137644804	63.1
LUK9	CTCTTTCTGCCCAGCCTTTC	CTGTAGGCAGGCTCAGACTT	hg19	COL5A1	COL5A1-001	-	19/65	538bp	chr9:137655266-137655803	59.5
LXE1	CCCACAGGACCAGAAGGAC	AAACCCATTCAACTGTCCTGA	hg19	COL5A2	COL5A2-001	-	27/53	551bp	chr2:189927598-189928148	42.3
LXE2	AAATGTTGTGCCATTGGTCTC	CCTAAGTGCGTGGAAAGAACA	hg19	COL1A2	COL1A2-001	41/52	-	578bp	chr7:94053420-94053997	39.6
LXE3	TCGGAGCTGGGAAAGTCTTT	CAAAGTCATGGAAGTGCCCG	hg19	SKI	SKI-001	4/7	-	544bp	chr1:2235164-2235707	66.2
LXE4	GATCTGGGATCTCTGCCCAG	GTGTAACACTTGAGCTGCCC	hg19	COL5A1	COL5A1-001	8/66	-	402bp	chr9:137623226-137623627	64.4
LXE5	TTGCTTCTTCACCAGTGCAA	TATGCATGCTGGAATGGCTG	hg19	COL3A1	COL3A1-001	-	5/50	487bp	chr2:189852468-189852954	33.900000000000006
LXE6	GCCAACTCAGCCTTTTCTCT	CTCCCCCACCTCATATGACC	hg19	TGFB2	TGFB2-002	-	4/7	439bp	chr1:218607385-218607823	41.199999999999996
LXE7	TGACGTCCTCTCTTTGTAACCA	TTCCCATCACTTCCTGGTCC	hg19	COL3A1	COL3A1-001	-	22/50	563bp	chr2:189860329-189860891	38.5
HX1	TTAGTGCTTCATGCTCCCCA	GTGAAGGCCCAGGAGTAAGT	hg19	TGFBR2	TGFBR2-001	-	6/6	542bp	chr3:30729775-30730316	45.9
HX2	GCATCCTCCCTTCCTCCTTT	AGGAAAGATTGGAGTGGGCA	hg19	MYH11	MYH11-013	17/43	-	484bp	chr16:15843813-15844296	63.6
HX3	GGCAGTTTTCTCCCAGCAAT	TCCATCTTGGTGCTTGGACT	hg19	FBN1	FBN1-001	-	18/65	503bp	chr15:48789387-48789889	37.6
HX4	TGAAAGCCCGCATTACACAC	TGATTGACGGTTTTCAGGCA	hg19	FBN1	FBN1-001	-	13/65	551bp	chr15:48802270-48802820	31.2
HX5	AATGCCTGGCTTCTCTGACT	CCATGGGAAGTTTGAAGGCA	hg19	FBN1	FBN1-001	-	33/65	554bp	chr15:48766398-48766951	39.0
HX7	GGCTTCCCCATCAGTTACCT	CATGCGGATGACCCTTCTTG	hg19	FBN1	FBN1-001	-	34/65	420bp	chr15:48764730-48765149	44.0
HX9	TGATCTCACATCGCCCATCA	TCAGCCAAGTCCCGTATTCT	hg19	FBN1	FBN1-001	21/66	-	595bp	chr15:48787404-48787998	34.599999999999994
HX10	TGCAAAGACCATTGGAGTGG	ATGGAGTCTGCAAGAACAGC	hg19	FBN1	FBN1-001	-	21/65	483bp	chr15:48787270-48787752	39.1
HX11	GATCCACCCACCTCTGTCTC	CAGCCTCCCTGTTATCCCTC	hg19	AF001548.5	MYH11-013	29/43	-	489bp	chr16:15820463-15820951	59.3
HX12	GCCCCTGAAGTTCTCGATGA	TTGACACCCAGGTACATGCT	hg19	TGFBR1	TGFBR1-001	-	7/8	459bp	chr9:101908774-101909232	42.699999999999996
HX13	CTTTGTTCCCCAGCCCTTTC	AGGCCCAGTCAGCAATAAGT	hg19	MYLK	MYLK-001	-	31/33	554bp	chr3:123338999-123339552	51.4
HX16	AATGGCCAGTCAGTCCTCAT	TTAAGCAGGTGTGGACGTTG	hg19	FBN1	FBN1-001	31/66	-	583bp	chr15:48775795-48776377	36.7
HX17	AATACTGGCGTGTTGTGAGC	TGTTGCTGTCCATGATCCCT	hg19	FBN1	FBN1-001	-	55/65	421bp	chr15:48724811-48725231	47.0
HX18	GTCTCCCTCTGTTGCAGACT	AGATGATACCCAGCCTCTGC	hg19	FBN1	FBN1-001	27/66	-	506bp	chr15:48780170-48780675	47.599999999999994
HX19	ACCTGCTCCATTGGTCATGA	GTTTCTCTGCCCCTCTGTCT	hg19	FBN1	FBN1-001	-	57/65	506bp	chr15:48719762-48720267	47.0
HX20	GATAAGGCAGCTCTGGGGTT	ACTGCTTTGTAACCCCTGGA	hg19	TGFBR2	TGFBR2-001	-	4/6	501bp	chr3:30715334-30715834	41.9
HX21	CCAGCAGAGGATCATTGTGC	TTTAGGGAGCCGTCTTCAGG	hg19	TGFBR2	TGFBR2-001	-	6/6	454bp	chr3:30732625-30733078	56.39999999999999
HX22	TTCCTTCAGGCATAGACGCA	AACTGCTCAACCAGTCTTCAA	hg19	FBN1	FBN1-001	13/66	-	525bp	chr15:48805524-48806048	40.0
HX23	CTTCAGCTGCTCTCTCGAGA	ACAGGGACAGTGATGCATGA	hg19	FBN1	FBN1-001	7/66	-	515bp	chr15:48829630-48830144	47.599999999999994
CX1	ACCACTAGAGCACCCCTAGA	GACTTCACTGTGCATGGCAA	hg19	FBN1	FBN1-001	36/66	-	564bp	chr15:48762561-48763124	45.6
CX2	TGATCTCACATCGCCCATCA	TCAGCCAAGTCCCGTATTCT	hg19	FBN1	FBN1-001	21/66	-	595bp	chr15:48787404-48787998	34.599999999999994
LX3	GCTCATCCCAAGCCATGAAG	TGGCCTCCCATTTCTGAACT	hg19	MYLK	MYLK-001	-	31/33	522bp	chr3:123345347-123345868	47.9
LX5	CCTATCCCCCTGCTTTTCCA	GCCCTTTGCCAATTTCCAGA	hg19	MYLK	MYLK-001	-	17/33	587bp	chr3:123426283-123426869	53.2
LX6	TATGCACCTTGGCACCAGTA	GACCTCCCTAACCAATCCCC	hg19	MYLK	MYLK-001	-	16/33	486bp	chr3:123427298-123427783	58.4
LX7	CTCACCATTCAGCAGCCAAG	AACAAGCAGGAAGGAGCTCT	hg19	MYLK	MYLK-001	-	12/33	492bp	chr3:123444786-123445277	58.9
LX8	TTCAGGGTCCCTAGGGCTAT	TGCCCACCAAAGTTTGCTAC	hg19	MYLK	MYLK-001	-	8/33	528bp	chr3:123457330-123457857	50.2
LX9	GAGCCACTGTGATTTGAGGC	CATAGTGACACAGCCCATGC	hg19	MYLK	MYLK-001	-	7/33	535bp	chr3:123458451-123458985	47.9
LX10	CTTCCTGCCTAACCACCGTA	AATCTCTGCCTCACGGAACC	hg19	TGFBR1	TGFBR1-001	-	3/8	460bp	chr9:101899851-101900310	35.9
LX12	GTCATGTGGGCTGAAATGCT	AGCAGGCAAGACCATGAGAT	hg19	TGFBR1	TGFBR1-001	6/9	-	426bp	chr9:101906894-101907319	36.199999999999996
LX13	TGAGAGCCTGTGCACTTACA	ACTTCACAGCTCTGCCATCT	hg19	TGFBR1	TGFBR1-001	-	7/8	472bp	chr9:101909597-101910068	37.5
LX14	TTTGCTGGAAGGATGGCATG	GGAAGGGATCAGCTACCTCC	hg19	FBN1	FBN1-001	66/66	-	499bp	chr15:48702878-48703376	37.5
LX15	AAGCATGGTTCTCCTCTGCT	GCCTGGTGCATTTGACTTCA	hg19	FBN1	FBN1-001	64/66	-	583bp	chr15:48707628-48708210	52.0
LX16	CCTTGCTGTGTTTCCTGCTT	TGGACGAGTGTGAGGGTAAC	hg19	FBN1	FBN1-001	-	63/65	570bp	chr15:48712431-48713000	45.4
LX17	GACCCGCACAGATTGATGTC	GATGAGTGTGCAACCAAGCA	hg19	FBN1	FBN1-001	-	61/65	417bp	chr15:48713844-48714260	41.699999999999996
LX18	AAGCCCAGAAACCAGAGGAA	TGGTGCAATACGGACTCAGT	hg19	FBN1	FBN1-001	-	51/65	469bp	chr15:48729705-48730173	42.6
LX19	AATGGCCAGTCAGTCCTCAT	TTAAGCAGGTGTGGACGTTG	hg19	FBN1	FBN1-001	31/66	-	583bp	chr15:48775795-48776377	36.7
LX20	GCAGCACTGGGACTTTAAGG	CCCAGCTTTACTGTGTGGGA	hg19	FBN1	FBN1-001	-	21/65	533bp	chr15:48787369-48787901	36.0
LX21	TGATCTCACATCGCCCATCA	TCAGCCAAGTCCCGTATTCT	hg19	FBN1	FBN1-001	21/66	-	595bp	chr15:48787404-48787998	34.599999999999994
LX22	CTTCAGCTGCTCTCTCGAGA	ACAGGGACAGTGATGCATGA	hg19	FBN1	FBN1-001	7/66	-	515bp	chr15:48829630-48830144	47.599999999999994
LX23	ACTCTTCTCGCCTCCCAAAA	GGAGATCGCCCTGGGATTTA	hg19	FBN1	FBN1-001	-	2/65	408bp	chr15:48936539-48936946	55.60000000000001
LX25	AGTAGGAAGCCGATGAGTGG	CGAACTCACACAGCTCCATG	hg19	SMAD3	SMAD3-001	-	1/8	489bp	chr15:67456872-67457360	59.099999999999994
LX26	TTCTTTCTGCTGTGTTGGGC	TAAATGTCAGGGGGCTGGAG	hg19	SMAD3	SMAD3-001	-	5/8	534bp	chr15:67462783-67463316	53.400000000000006
LX28	CGCATGGACTGGTGAATAGC	CAGCTGATTTCTGGCTCTGC	hg19	MYH11	MYH11-013	33/43	-	490bp	chr16:15815205-15815694	51.4
LX30	TGGAGCTTAGGAGTTTCGGG	GGACAAACTGGCACGAGATG	hg19	MYH11	MYH11-013	25/43	-	460bp	chr16:15832287-15832746	37.6
LX33	TCAGCAAAAACTGGGGCATC	CTGCATTCTCATGGTGAGCC	hg19	MYH11	MYH11-013	20/43	-	556bp	chr16:15841188-15841743	49.3
LX34	ATCTCGCTCCTCCTCTAGGT	ACGGTAAGTCCCAAGGTCTG	hg19	MYH11	MYH11-013	-	19/42	418bp	chr16:15841489-15841906	56.89999999999999
LX35	GACGTCACGGTTGGAAAACA	TCCATTGGGCACAGGGTAAT	hg19	MYH11	MYH11-013	15/43	-	577bp	chr16:15849984-15850560	53.400000000000006
LX37	CTCCCTCAGGTTGTGTAGCA	GTTCCTAGACAGGGCAAGGT	hg19	MYH11	MYH11-013	2/43	-	424bp	chr16:15931789-15932212	56.39999999999999
LX38	GGGTGGGTTCATCTTCTGGA	ACCTTGTCCAGCCCTACTTC	hg19	MYH11	MYH11-013	-	1/42	584bp	chr16:15931864-15932447	52.6
HZ1	TGGCCTCAAACAGCCTATGA	TCCAACCTTAGTAGGGGTAAGC	hg19	COL3A1	COL3A1-001	-	4/50	555bp	chr2:189851445-189851999	36.8
HZ2	TGGAGAACCTGGCAGAGATG	ACACACTCAAGGATAGGCCA	hg19	COL3A1	COL3A1-001	-	22/50	511bp	chr2:189860471-189860981	36.6
HZ3	AGGGCTCGTATTATGGCACT	CTCTTCCAGGTTCACCAGCT	hg19	COL3A1	COL3A1-001	-	40/50	599bp	chr2:189869583-189870181	34.2
HZ4	TCTCAATATGCAAGCGGGGA	AGCCTCCCAGAACATCACTT	hg19	COL5A2	COL5A2-001	-	53/53	555bp	chr2:189899253-189899807	35.3
HZ5	CATGCCCGGCCTTACATAAA	GTTCCTGGGCAGAGGGTAAA	hg19	COL5A2	COL5A2-001	-	29/53	552bp	chr2:189927199-189927750	32.4
HZ6	CACTGTTCTCTCTCCCTCCC	TGTTGCATAGCAGGCACTTG	hg19	COL1A2	COL1A2-001	-	36/51	583bp	chr7:94049467-94050049	48.5
HZ8	CCTTTGTGTGCCTCTGTGTC	AGTGGGATGAGGTCCTTGTG	hg19	SLC2A10	SLC2A10-001	2/5	-	578bp	chr20:45353700-45354277	61.1
CZ1	GTCAGGCCAGAGATAGGGTC	GTCTGACAGCCCCTCCTATC	hg19	COL1A1	COL1A1-001	-	39/50	540bp	chr17:48266389-48266928	62.4
LZ2	CTTGTGGGCATGTTTGGGAA	GCAGCTCTCAAACCCCTTTC	hg19	COL5A1	COL5A1-001	-	34/65	533bp	chr9:137686989-137687521	57.8
LZ4	GGGAGGTCTTGGTGGTTTTG	ACTAGAGGTTCCCGCATAGC	hg19	COL1A1	COL1A1-001	50/51	-	483bp	chr17:48262952-48263434	62.3
LZ7	TCCAGGGCACATTGTCAGAT	CTTCTGCTCCAAGGCCTTTC	hg19	SKI	SKI-001	6/7	-	449bp	chr1:2237343-2237791	68.60000000000001
LZ8	TTTTACTCCAGGCTGTCCGT	ATCTTTGTCTCCTCCTAGGGT	hg19	COL5A2	COL5A2-001	-	38/53	504bp	chr2:189917718-189918221	30.4
LZ11	CTGCAACACACAAGGACCTC	AGGTAGAGAGGAGTCCTGCA	hg19	SLC2A10	SLC2A10-001	2/5	-	488bp	chr20:45354250-45354737	64.3
LZ12	TTTCCTTCCTCTCCAGCAGG	AGGGTAACAGCGTGAGTACC	hg19	COL1A1	COL1A1-001	-	20/50	464bp	chr17:48272140-48272603	63.800000000000004
LZ13	GGAGACAAGCATCAATCATAGGG	GCATGTTTCCCCAGTTTCCA	hg19	COL3A1	COL3A1-001	-	48/50	480bp	chr2:189874507-189874986	32.9
LZ14	TATCCCCACCCTGGATACCA	ACCTTCCCTCTCCTTCTGTC	hg19	COL1A2	COL1A2-001	-	16/51	549bp	chr7:94037889-94038437	41.199999999999996
HX6_RD	TGTCCTCGGCACTAACATGT	AGAGTTGGGGAGGAGTTTGG	hg19	MYLK	MYLK-001	-	21/33	660bp	chr3:123400602-123401261	55.50000000000001
HX8_RD	GCCCGTTGTTCTGGATCTTG	CGCTGGGGATATGGGTACTT	hg19	FBN1	FBN1-001	2/66	-	662bp	chr15:48936739-48937400	67.80000000000001
HX14_RD	AAAGGAGAACTGGCTGGAGT	TCCACTACTCACTGTTCGGT	hg19	FBN1	FBN1-001	-	37/65	676bp	chr15:48760081-48760756	40.2
HX15_RD	ATCTCTACTCTCAGGCCCCA	AAGCGTCCTCTGAGATTGGG	hg19	MYH11	MYH11-013	-	37/42	646bp	chr16:15812026-15812671	60.199999999999996
CX3_RD	ATCTCATCTCTGGAGGCACG	AGACGGAACTGGAAGACGAG	hg19	MYH11	MYH11-013	-	35/42	645bp	chr16:15813512-15814156	57.099999999999994
LX1_RD	ACATGATTGGCAGCTACGAG	CTCACAATCCCTGCAGCTAC	hg19	TGFBR2	TGFBR2-001	1/7	-	690bp	chr3:30647952-30648641	71.89999999999999
LX2_RD	TCCCCTCGCTTCCAATGAAT	AATGTTTGCCCCAGTCAACC	hg19	TGFBR2	TGFBR2-001	3/7	-	430bp	chr3:30691729-30692158	45.1
LX4_RD	TGTCTACAAAGGCGGGGATT	GTGGGTCACTTCTGAGGGAA	hg19	MYLK	MYLK-001	23/34	-	564bp	chr3:123384849-123385412	53.5
LX11_RD	AGAGGGGCTTACTCTGAGGA	CTGGCCATGAACTCCTGAGA	hg19	TGFBR1	TGFBR1-001	5/9	-	535bp	chr9:101904612-101905146	40.699999999999996
LX24_RD	GAAACTCAAGAAGACGGGGC	AGAAACGCAAAGACACCACC	hg19	SMAD3	SMAD3-001	-	1/8	523bp	chr15:67358612-67359134	68.10000000000001
LX27_RD	AAGCTACACACACAGCCTCT	TTAACCGGGCTCCTTCTTGT	hg19	MYH11	MYH11-013	-	42/42	405bp	chr16:15802354-15802758	50.1
LX29_RD	CCAGGAACGCAACTAGAGGA	AAATTAGTCGGGCATGGTGG	hg19	AF001548.5	MYH11-013	29/43	-	654bp	chr16:15820574-15821227	58.3
LX31_RD	ATCTGCTGGGCCATCTTCTT	ACTCGCAGGTACCTGTATGG	hg19	AF001548.6	MYH11-013	23/43	-	301bp	chr16:15835324-15835624	62.1
LX32_RD	TCCAGAGTGAAGAAGCAGGG	AGCTAAGTCCAGGGCATGTT	hg19	MYH11	MYH11-013	-	20/42	414bp	chr16:15838926-15839339	57.49999999999999
LX36_RD	TAAATGTCACCTCCCCCACC	CTGCGTGGCATTCCATTGTA	hg19	MYH11	MYH11-013	-	10/42	348bp	chr16:15857587-15857934	48.3
HZ7_RD	ATCTTGGGCTTCAAATGCCC	CCCCAGCCACAAAGAGTCTA	hg19	COL1A1	COL1A1-001	-	1/50	488bp	chr17:48278425-48278912	61.7
HZ9_RD	CATCTCCCTTCCATTCCCGA	CACCCCTACCCACTGGTTAG	hg19	COL1A1	COL1A1-001	1/51	-	640bp	chr17:48278651-48279290	63.6
HZ10_RD	TAATCCACCTACCCTGGCCT	TGTTGGCCACCTCATCATGA	hg19	COL5A2	COL5A2-001	-	29/53	732bp	chr2:189927147-189927878	35.699999999999996
LZ3_RD	GGTGGAAGTTGAAAGCAGGG	CTTTGGCTTCCTTGGTGTCC	hg19	SKI	SKI-001	-	4/6	420bp	chr1:2235516-2235935	66.7
LZ5_1_RD	TTCCAGTCAGACCCTAGGGA	CCTGCTGGAGAGGAAGGAAA	hg19	COL1A1	COL1A1-001	-	22/50	628bp	chr17:48271532-48272159	63.9
LZ5_2_RD	TCCAGGGCACATTGTCAGAT	CTTCTGCTCCAAGGCCTTTC	hg19	SKI	SKI-001	6/7	-	449bp	chr1:2237343-2237791	68.60000000000001
LZ6_RD	GAGAGCCATGCCCACCTG	AAGTGTGCCTCTTAGACCCG	hg19	COL1A1	COL1A1-001	-	2/50	666bp	chr17:48276729-48277394	65.2
LZ9_RD	CAAGTACTCGGCCCAGGTAT	CTCGCTTGGTAATAGGCACG	hg19	SKI	SKI-001	-	6/6	664bp	chr1:2237674-2238337	72.89999999999999
LZ10_RD	TACAAGAAGGAGAGCGCCAA	AGTAGATGTGGAGCTCGTCG	hg19	SKI	SKI-001	1/7	-	310bp	chr1:2160344-2160653	69.69999999999999
LZ1_RD	TACCTGAGACCCTCTGTTCA	GAAAGGCCCCCAATGCATAC	hg19	COL5A2	COL5A2-001	52/54	-	360bp	chr2:189901339-189901698	37.8
FUK1	TACAAGAAGGAGAGCGCCAA	CCCTTACACTTGCCGAAGC	hg19	SKI	SKI-001	1/7	-	551bp	chr1:2160344-2160894	69.5
FUK2	TACAAGAAGGAGAGCGCCAA	CCCTTACACTTGCCGAAGC	hg19	SKI	SKI-001	1/7	-	551bp	chr1:2160344-2160894	69.5
FUK3	GCTCTCTTCCCCGTCCTTTA	CCTCCTGGGATGTCCATCAG	hg19	SKI	SKI-001	5/7	-	505bp	chr1:2235751-2236255	67.9
FUK4	TCCAGGGCACATTGTCAGAT	CTCCACCTGCTAGGACACAG	hg19	SKI	SKI-001	6/7	-	549bp	chr1:2237343-2237891	69.19999999999999
FUK5	GTGCAAATCTGAGGCTTCACA	TCCTCCATGCTTTGAAGAGGA	hg19	COL3A1	COL3A1-001	-	23/50	598bp	chr2:189860735-189861332	37.3
FUK6	GTGGCACAACGTTTCTACCC	CTACCTTGCCTCCTGGAGC	hg19	COL3A1	COL3A1-001	-	28/50	593bp	chr2:189862856-189863448	33.1
FUK7	ACGGCATTCACTTTAGATGGTG	ACACAGGTGTAAAACATGCTGT	hg19	COL5A2	COL5A2-001	-	45/53	524bp	chr2:189912562-189913085	31.7
FUK8	GGAAAAAGCCTAGTAAGCGCT	TGTGCTATGAAACTAGCATATCCT	hg19	COL5A2	COL5A2-001	33/54	-	441bp	chr2:189922993-189923433	35.4
FUK9	GACAGTGAGCACCCAGAATG	TTTCACTGGTGTGTTGACGC	hg19	MYLK	MYLK-001	30/34	-	570bp	chr3:123356656-123357225	57.49999999999999
FUK10	TGCCACTTTCCTTCCTGTCT	GCAGAAAGTTCCCTGGCTTT	hg19	MYLK	MYLK-001	20/34	-	475bp	chr3:123411394-123411868	56.2
FUK11	ACAAAGCCTACCTTGACCCT	TGGGTCTAATCTACATGAGAGACA	hg19	TGFBR1	TGFBR1-001	4/9	-	593bp	chr9:101899903-101900495	34.9
FUK12	TCACTCTTTGTCCACCTGCT	GGGTCCAAAGAAATCCTGGG	hg19	TGFBR1	TGFBR1-001	9/9	-	502bp	chr9:101911252-101911753	36.3
FUK13	TCTCTGGGCCATAAAGTGCA	ATCTCCTTTGTCACCAGGGG	hg19	COL5A1	COL5A1-001	-	51/65	552bp	chr9:137707262-137707813	57.599999999999994
FUK14	CCCATGGTGAGTCACATTCC	TCCCACTGCAGAAATGTCCT	hg19	COL5A1	COL5A1-001	-	57/65	529bp	chr9:137710742-137711270	59.9
FUK15	AAGAAGGGAAATCACAATTGCTT	TGTGCAAGTGGAAATGGGAA	hg19	FBN1	FBN1-001	-	48/65	500bp	chr15:48737191-48737690	33.4
FUK16	CCCCATGTTGATGCCTAAGG	GGCATGTGATCTGGGGATCT	hg19	FBN1	FBN1-001	43/66	-	600bp	chr15:48752163-48752762	36.199999999999996
FUK17	CTGAGGTTTTCTGTGCAGCA	GCCAAAACATTGCTGCACTG	hg19	FBN1	FBN1-001	35/66	-	415bp	chr15:48764553-48764967	46.0
FUK18	TGAAGGGCCATGAATATTTGGT	GTCTCGAGGGGAAAGTACTCA	hg19	FBN1	FBN1-001	-	32/65	523bp	chr15:48773522-48774044	31.7
FUK19	AGGCACACTGATACTTCCCT	TAGCACCAGAGAGTTGTCCC	hg19	FBN1	FBN1-001	28/66	-	451bp	chr15:48779317-48779767	49.9
FUK20	CCCAGGACTTCTTGGACCAA	GGATACTTACCCCAGAGCCT	hg19	FBN1	FBN1-001	25/66	-	584bp	chr15:48781862-48782445	45.5
FUK21	TGCTGCATATTTCTCCCTGTG	TCCTATTTTCAGGTGAACAGCA	hg19	FBN1	FBN1-001	-	22/65	482bp	chr15:48786291-48786772	35.5
FUK22	AGCTCAGAACCCCTAACCAC	AATGTCAGCTTTTCCTGCAAAA	hg19	FBN1	FBN1-001	22/66	-	582bp	chr15:48787031-48787612	40.400000000000006
FUK23	TGGCAATTAAAATGCCAATTACAAGT	TGCTACAGGAGTTTTGCCTT	hg19	FBN1	FBN1-001	20/66	-	459bp	chr15:48788097-48788555	34.9
FUK24	AGCTCTTTGGATGGCTGGAT	TGCACATGCCAAAACTCAAGA	hg19	FBN1	FBN1-001	15/66	-	502bp	chr15:48800611-48801112	37.1
FUK25	TGCCACAGAAGTTTCATCACA	TGAGTTTGCAAATGGAGGGAG	hg19	FBN1	FBN1-001	-	14/65	463bp	chr15:48801991-48802453	34.599999999999994
FUK26	ATCATGCACATTGCCACTGG	CTAGCACACAGGGGCAAAAG	hg19	FBN1	FBN1-001	10/66	-	442bp	chr15:48812784-48813225	54.800000000000004
FUK27	AAGCAAGGTGGTGAAGGTAAA	CAACTCCTGTGAGCTGTTGC	hg19	FBN1	FBN1-001	-	5/65	413bp	chr15:48892089-48892501	37.8
FUK28	GAGGTCTTGCCAAGGAGTCT	CCTCGGGGATTTGTCTCTGT	hg19	FBN1	FBN1-001	2/66	-	476bp	chr15:48936699-48937174	66.4
FUK29	CAACTTCGCCGAGAGTTGAG	CGGGCTCTGATCTTTGCAAA	hg19	SMAD3	SMAD3-001	1/9	-	556bp	chr15:67358357-67358912	67.80000000000001
FUK30	AGAGGAAGAAGATGCCCAGG	CAGCAAAGGAGACACTGGTG	hg19	COL1A1	COL1A1-001	21/51	-	568bp	chr17:48271874-48272441	66.0
FUK31	CCCTTGGGACTTCTGTAGCT	AGGCACTCAGATTTCACCAA	hg19	COL1A1	COL1A1-001	-	10/50	538bp	chr17:48274247-48274784	53.900000000000006
FUK32	TAGACAGCACTACCACCTGG	ATTCCTCCCAATCATGCCAG	hg19	SMAD4	SMAD4-201	-	7/11	557bp	chr18:48584707-48585263	35.9
GXYUK2_RD	GGCTACAGTGAGCCAAGATT	TGCTTTGGTAAACTGTAACAACA	hg19	COL3A1	COL3A1-001	25/51	-	578bp	chr2:189861650-189862227	40.300000000000004
GXYUK5_RD	GGGTGTGCAAAACTGTCAGT	AGTCCCTTAGTTCAGTGCCT	hg19	COL5A2	COL5A2-001	-	45/53	730bp	chr2:189910484-189911213	35.9
GXYY8_RD	GCCTGCAGCCTTGAGAAAAT	GGGGACACCGTTATTACCCA	hg19	COL5A1	COL5A1-001	30/66	-	726bp	chr9:137676562-137677287	61.6
HUK6_RD	AGTTCCTGGTTTTCAAAGGCT	TACCAGGAGGACCAGGAAGA	hg19	COL3A1	COL3A1-001	-	37/50	457bp	chr2:189868052-189868508	37.4
LUK10_RD	TTCTCAGAGGATGTGCAGGG	GTAGACCCTTTCCCAGCACT	hg19	COL5A1	COL5A1-001	-	37/65	606bp	chr9:137690131-137690736	56.89999999999999
WYN1	GTACTGGGCCCTTCTCCTTG	CCAAAGGAACCAACACCGAG	hg19	SKI	SKI-001	3/7	-	406bp	chr1:2234579-2234984	63.1
WYN2	CCCTCTGCCACATGAACATC	GCCAAAGACTGTGTCTGAGG	hg19	MYLK	MYLK-001	19/34	-	534bp	chr3:123418980-123419513	56.2
WYN3	CTGCTGCCATTCTCTGCTG	GTGGAGGAGTTGGTGCTGAT	hg19	MYLK	MYLK-001	19/34	-	496bp	chr3:123419322-123419817	60.3
WYN4	CAGCCTCCAGACTGTCCAG	TACGATCAGGAGCTGGCATT	hg19	MYLK	MYLK-001	-	10/33	572bp	chr3:123452972-123453543	48.4
WYN5	GCATAAGTACAGGTACGTATTGCT	ACATAATATGCCTTCCATCTCCAG	hg19	COL1A2	COL1A2-001	-	3/51	535bp	chr7:94027461-94027995	24.7
WYN6	ACTTTCTTGCAGGGTAGTCC	TCATGCTGATAGGAGGACCA	hg19	COL1A2	COL1A2-001	-	23/51	560bp	chr7:94040189-94040748	41.099999999999994
WYN7	AAAGCATTGGCAAAGGTCGA	GCTATCTGAGCCCTATTCTCAA	hg19	TGFBR1	TGFBR1-001	-	4/8	538bp	chr9:101900192-101900729	34.0
WYN8	CGAGAAGGGTGAGACAGGAG	GGGGCATCGTCTGGAAATTC	hg19	COL5A1	COL5A1-001	-	48/65	544bp	chr9:137704315-137704858	54.800000000000004
WYN9	CTGTTCACAGGGCTTGTTCC	CTGGGCAGAGAGTCATTTAAAGT	hg19	FBN1	FBN1-001	-	41/65	421bp	chr15:48755298-48755718	39.2
WYN10	AAGGTTAGCTGCTACCAGGC	CCTGTTTTCCTTGCTGTTTGC	hg19	MYH11	MYH11-013	41/43	-	600bp	chr16:15808553-15809152	61.7
WYN11	CAGCATTGAAATGGGGGTCC	TGAGTTGTCAGGGTGGACTC	hg19	MYH11	MYH11-013	-	37/42	560bp	chr16:15812681-15813240	54.6
WYN12	TACTGACTACGGTGACCAGC	TGAAGAACAGCTGGAGGAGG	hg19	MYH11	MYH11-013	-	24/42	568bp	chr16:15833473-15834040	48.9
WYN13	CCACACCCTATCTCCATGGC	GCTGTGACTTTCCCTCAACC	hg19	COL1A1	COL1A1-001	-	30/50	586bp	chr17:48269040-48269625	60.099999999999994
WYN14	CCAGGTCCAGATTCAGAGCC	GACATGGCGCGGTTACCT	hg19	RP11-729L2.2	SMAD4-201	1/12	-	597bp	chr18:48556413-48557009	74.7
FAKE	CCAGGTCCAGATTCAGAGCC	GACATGGCGCGGTTACCT	hg38	RP11-729L2.2	SMAD4-201	1/12	-	597bp	chr18:48556413-48557009	74.7
