Primer	F_Primer	R_Primer	Genome	Gene	Transcript	Exon	Intron	Product_Size	GC%	Chrom	Start	End	Dist_F	Dist_R
LZ10_RD	TACAAGAAGGAGAGCGCCAA	AGTAGATGTGGAGCTCGTCG	hg19	SKI	SKI-001	1/7	-	310	69.69999999999999	1	2160344	2160653	100	209
FUK1	TACAAGAAGGAGAGCGCCAA	CCCTTACACTTGCCGAAGC	hg19	SKI	SKI-001	1/7	-	551	69.5	1	2160344	2160894	100	450
FUK2	TACAAGAAGGAGAGCGCCAA	CCCTTACACTTGCCGAAGC	hg19	SKI	SKI-001	1/7	-	551	69.5	1	2160344	2160894	100	450
