Primer	F_Primer	R_Primer	Genome	Gene	Transcript	Exon	Intron	Product_Size	GC%	Chrom	Start	End
FRD7	CAGCACTGGGACTTTAAGGT	CCCAGCTTTACTGTGTGGGA	hg19	FBN1	FBN1-001	-	21/65	532	35.9	15	48787370	48787901
FRD15	AGCACTGCCATAATGCACTG	CTCTGCATGATGGTTCCTGC	hg19	FBN1	FBN1-001	-	7/65	559	48.1	15	48829507	48830065
FRD17	ACTGCAATGGAAGGAGAGGA	ACCCTGCACGTAAACCAGAA	hg19	FBN1	FBN1-001	-	13/65	676	32.7	15	48802197	48802872
FRD18	TCAAGGAGATCAGGCAAGCA	TCCGCTCACTACAACCTCTG	hg19	FBN1	FBN1-001	-	4/65	779	42.0	15	48892074	48892852
FRD20	AGTCAAAGCAGAAGGAGGGT	TGGGCTAGTTTATGCAAAGCT	hg19	FBN1	FBN1-001	-	31/65	574	38.2	15	48775720	48776293
FRD23	GCTGGGAAGCTACACCACTA	GTCTATAGGAGAAGTGCCCAGA	hg19	FBN1	FBN1-001	-	36/65	546	46.3	15	48762548	48763093
HUK10	CACCAAAAGGAAGACAGCCC	CAGACGACCTTTGCCCAAAG	hg19	FBN1	FBN1-001	12/66	-	486	43.6	15	48807369	48807854
HUK8	TCTTTGTGGTTCAGTGCTGC	CTGGATTCTCAGCATTTCTCAGT	hg19	FBN1	FBN1-001	53/66	-	559	34.9	15	48728946	48729504
HUK9	CCCAGGACTTCTTGGACCAA	CCTGGAAACCTGCTTCCTGA	hg19	FBN1	FBN1-001	25/66	-	407	46.9	15	48781862	48782268
HX3	GGCAGTTTTCTCCCAGCAAT	TCCATCTTGGTGCTTGGACT	hg19	FBN1	FBN1-001	-	18/65	503	37.6	15	48789387	48789889
HX4	TGAAAGCCCGCATTACACAC	TGATTGACGGTTTTCAGGCA	hg19	FBN1	FBN1-001	-	13/65	551	31.2	15	48802270	48802820
HX5	AATGCCTGGCTTCTCTGACT	CCATGGGAAGTTTGAAGGCA	hg19	FBN1	FBN1-001	-	33/65	554	39.0	15	48766398	48766951
HX7	GGCTTCCCCATCAGTTACCT	CATGCGGATGACCCTTCTTG	hg19	FBN1	FBN1-001	-	34/65	420	44.0	15	48764730	48765149
HX9	TGATCTCACATCGCCCATCA	TCAGCCAAGTCCCGTATTCT	hg19	FBN1	FBN1-001	21/66	-	595	34.599999999999994	15	48787404	48787998
HX10	TGCAAAGACCATTGGAGTGG	ATGGAGTCTGCAAGAACAGC	hg19	FBN1	FBN1-001	-	21/65	483	39.1	15	48787270	48787752
HX16	AATGGCCAGTCAGTCCTCAT	TTAAGCAGGTGTGGACGTTG	hg19	FBN1	FBN1-001	31/66	-	583	36.7	15	48775795	48776377
HX17	AATACTGGCGTGTTGTGAGC	TGTTGCTGTCCATGATCCCT	hg19	FBN1	FBN1-001	-	55/65	421	47.0	15	48724811	48725231
HX18	GTCTCCCTCTGTTGCAGACT	AGATGATACCCAGCCTCTGC	hg19	FBN1	FBN1-001	27/66	-	506	47.6	15	48780170	48780675
HX19	ACCTGCTCCATTGGTCATGA	GTTTCTCTGCCCCTCTGTCT	hg19	FBN1	FBN1-001	-	57/65	506	47.0	15	48719762	48720267
HX22	TTCCTTCAGGCATAGACGCA	AACTGCTCAACCAGTCTTCAA	hg19	FBN1	FBN1-001	13/66	-	525	40.0	15	48805524	48806048
HX23	CTTCAGCTGCTCTCTCGAGA	ACAGGGACAGTGATGCATGA	hg19	FBN1	FBN1-001	7/66	-	515	47.6	15	48829630	48830144
CX1	ACCACTAGAGCACCCCTAGA	GACTTCACTGTGCATGGCAA	hg19	FBN1	FBN1-001	36/66	-	564	45.6	15	48762561	48763124
CX2	TGATCTCACATCGCCCATCA	TCAGCCAAGTCCCGTATTCT	hg19	FBN1	FBN1-001	21/66	-	595	34.599999999999994	15	48787404	48787998
LX14	TTTGCTGGAAGGATGGCATG	GGAAGGGATCAGCTACCTCC	hg19	FBN1	FBN1-001	66/66	-	499	37.5	15	48702878	48703376
LX15	AAGCATGGTTCTCCTCTGCT	GCCTGGTGCATTTGACTTCA	hg19	FBN1	FBN1-001	64/66	-	583	52.0	15	48707628	48708210
LX16	CCTTGCTGTGTTTCCTGCTT	TGGACGAGTGTGAGGGTAAC	hg19	FBN1	FBN1-001	-	63/65	570	45.4	15	48712431	48713000
LX17	GACCCGCACAGATTGATGTC	GATGAGTGTGCAACCAAGCA	hg19	FBN1	FBN1-001	-	61/65	417	41.7	15	48713844	48714260
LX18	AAGCCCAGAAACCAGAGGAA	TGGTGCAATACGGACTCAGT	hg19	FBN1	FBN1-001	-	51/65	469	42.6	15	48729705	48730173
LX19	AATGGCCAGTCAGTCCTCAT	TTAAGCAGGTGTGGACGTTG	hg19	FBN1	FBN1-001	31/66	-	583	36.7	15	48775795	48776377
LX20	GCAGCACTGGGACTTTAAGG	CCCAGCTTTACTGTGTGGGA	hg19	FBN1	FBN1-001	-	21/65	533	36.0	15	48787369	48787901
LX21	TGATCTCACATCGCCCATCA	TCAGCCAAGTCCCGTATTCT	hg19	FBN1	FBN1-001	21/66	-	595	34.599999999999994	15	48787404	48787998
LX22	CTTCAGCTGCTCTCTCGAGA	ACAGGGACAGTGATGCATGA	hg19	FBN1	FBN1-001	7/66	-	515	47.6	15	48829630	48830144
LX23	ACTCTTCTCGCCTCCCAAAA	GGAGATCGCCCTGGGATTTA	hg19	FBN1	FBN1-001	-	2/65	408	55.60000000000001	15	48936539	48936946
HX8_RD	GCCCGTTGTTCTGGATCTTG	CGCTGGGGATATGGGTACTT	hg19	FBN1	FBN1-001	2/66	-	662	67.80000000000001	15	48936739	48937400
HX14_RD	AAAGGAGAACTGGCTGGAGT	TCCACTACTCACTGTTCGGT	hg19	FBN1	FBN1-001	-	37/65	676	40.2	15	48760081	48760756
FUK15	AAGAAGGGAAATCACAATTGCTT	TGTGCAAGTGGAAATGGGAA	hg19	FBN1	FBN1-001	-	48/65	500	33.4	15	48737191	48737690
FUK16	CCCCATGTTGATGCCTAAGG	GGCATGTGATCTGGGGATCT	hg19	FBN1	FBN1-001	43/66	-	600	36.2	15	48752163	48752762
FUK17	CTGAGGTTTTCTGTGCAGCA	GCCAAAACATTGCTGCACTG	hg19	FBN1	FBN1-001	35/66	-	415	46.0	15	48764553	48764967
FUK18	TGAAGGGCCATGAATATTTGGT	GTCTCGAGGGGAAAGTACTCA	hg19	FBN1	FBN1-001	-	32/65	523	31.7	15	48773522	48774044
FUK19	AGGCACACTGATACTTCCCT	TAGCACCAGAGAGTTGTCCC	hg19	FBN1	FBN1-001	28/66	-	451	49.9	15	48779317	48779767
FUK20	CCCAGGACTTCTTGGACCAA	GGATACTTACCCCAGAGCCT	hg19	FBN1	FBN1-001	25/66	-	584	45.5	15	48781862	48782445
FUK21	TGCTGCATATTTCTCCCTGTG	TCCTATTTTCAGGTGAACAGCA	hg19	FBN1	FBN1-001	-	22/65	482	35.5	15	48786291	48786772
FUK22	AGCTCAGAACCCCTAACCAC	AATGTCAGCTTTTCCTGCAAAA	hg19	FBN1	FBN1-001	22/66	-	582	40.40000000000001	15	48787031	48787612
FUK23	TGGCAATTAAAATGCCAATTACAAGT	TGCTACAGGAGTTTTGCCTT	hg19	FBN1	FBN1-001	20/66	-	459	34.9	15	48788097	48788555
FUK24	AGCTCTTTGGATGGCTGGAT	TGCACATGCCAAAACTCAAGA	hg19	FBN1	FBN1-001	15/66	-	502	37.1	15	48800611	48801112
FUK25	TGCCACAGAAGTTTCATCACA	TGAGTTTGCAAATGGAGGGAG	hg19	FBN1	FBN1-001	-	14/65	463	34.599999999999994	15	48801991	48802453
FUK26	ATCATGCACATTGCCACTGG	CTAGCACACAGGGGCAAAAG	hg19	FBN1	FBN1-001	10/66	-	442	54.8	15	48812784	48813225
FUK27	AAGCAAGGTGGTGAAGGTAAA	CAACTCCTGTGAGCTGTTGC	hg19	FBN1	FBN1-001	-	5/65	413	37.8	15	48892089	48892501
FUK28	GAGGTCTTGCCAAGGAGTCT	CCTCGGGGATTTGTCTCTGT	hg19	FBN1	FBN1-001	2/66	-	476	66.4	15	48936699	48937174
WYN9	CTGTTCACAGGGCTTGTTCC	CTGGGCAGAGAGTCATTTAAAGT	hg19	FBN1	FBN1-001	-	41/65	421	39.2	15	48755298	48755718
