Primer	F_Primer	R_Primer	Genome	Gene	Transcript	Exon	Intron	Product_Size	GC%	Chrom	Start	End
HXE1	TGTGTTGTGGAGTGCAAGTG	TTCTGAGTTTTCAACATGACCTTT	hg19	SMAD4	SMAD4-201	9/12	-	400	37.5	18	48591719	48592118
FUK12	TCACTCTTTGTCCACCTGCT	GGGTCCAAAGAAATCCTGGG	hg19	TGFBR1	TGFBR1-001	9/9	-	502	36.3	9	101911252	101911753
