Primer	F_Primer	R_Primer	Genome	Gene	Transcript	Exon	Intron	Product_Size	GC%	Chrom	Start	End	Dist_F	Dist_R
HX10	TGCAAAGACCATTGGAGTGG	ATGGAGTCTGCAAGAACAGC	hg19	FBN1	FBN1-001	-	21/65	483	39.1	15	48787270	48787752	130	352
FUK22	AGCTCAGAACCCCTAACCAC	AATGTCAGCTTTTCCTGCAAAA	hg19	FBN1	FBN1-001	22/66	-	582	40.40000000000001	15	48787031	48787612	369	212
