Primer	F_Primer	R_Primer	Genome	Gene	Transcript	Exon	Intron	Product_Size	GC%	Chrom	Start	End
FRD1	GGGAGAGAACTAGTGCAGGA	GGAAACCTTGAGGGCCCTAA	hg19	COL1A2	COL1A2-001	-	6/51	323	42.4	7	94033698	94034020
FRD2	TGCCAATGCAAAGCAGACAA	ACATTAGCTTTCTAAAGAAGACTGTT	hg19	COL5A2	COL5A2-001	-	12/53	367	34.9	2	189948512	189948878
FRD3	CCTGCCATGCTGGTCAATAC	GCATCACCCTTTGGACCCT	hg19	COL3A1	COL3A1-001	-	28/50	669	32.0	2	189862748	189863416
FRD4	CGTGGGTCCTGCTGTAAGTT	TCTGCAAACACAGTTCCAATCT	hg19	COL1A2	COL1A2-001	-	15/51	535	40.9	7	94037680	94038214
FRD5	GGTCCAAAGGCTGTACGGAT	GTGGGTCACTTCTGAGGGAA	hg19	MYLK	MYLK-001	-	22/33	409	55.00000000000001	3	123385004	123385412
FRD6	CAGGAGTAGGTACCTGGCTG	CTTTCTGAAGGGCCTTTGGG	hg19	MYH11	MYH11-013	2/43	-	574	54.50000000000001	16	15931731	15932304
FRD7	CAGCACTGGGACTTTAAGGT	CCCAGCTTTACTGTGTGGGA	hg19	FBN1	FBN1-001	-	21/65	532	35.9	15	48787370	48787901
FRD12	GTGTTCAGTTGTTGAGGGCT	AAGCCTCTGGGAAGAATGGT	hg19	TGFB2	TGFB2-002	-	5/7	705	42.7	1	218608948	218609652
FRD13	TGCACTCAGAGTAACCACCT	ACTGCTTGGTGGCCAATTATC	hg19	COL5A2	COL5A2-001	-	16/53	600	34.300000000000004	2	189942808	189943407
FRD15	AGCACTGCCATAATGCACTG	CTCTGCATGATGGTTCCTGC	hg19	FBN1	FBN1-001	-	7/65	559	48.1	15	48829507	48830065
FRD16	AGAAAGAGCCTTGGGAGGTC	CTCCACTTTTCCAGCCCCTA	hg19	COL1A1	COL1A1-001	11/51	-	559	55.50000000000001	17	48274105	48274663
FRD17	ACTGCAATGGAAGGAGAGGA	ACCCTGCACGTAAACCAGAA	hg19	FBN1	FBN1-001	-	13/65	676	32.7	15	48802197	48802872
FRD18	TCAAGGAGATCAGGCAAGCA	TCCGCTCACTACAACCTCTG	hg19	FBN1	FBN1-001	-	4/65	779	42.0	15	48892074	48892852
FRD19	ACAAAGCCTACCTTGACCCT	TGGGTCTAATCTACATGAGAGACA	hg19	TGFBR1	TGFBR1-001	4/9	-	593	34.9	9	101899903	101900495
FRD20	AGTCAAAGCAGAAGGAGGGT	TGGGCTAGTTTATGCAAAGCT	hg19	FBN1	FBN1-001	-	31/65	574	38.2	15	48775720	48776293
FRD23	GCTGGGAAGCTACACCACTA	GTCTATAGGAGAAGTGCCCAGA	hg19	FBN1	FBN1-001	-	36/65	546	46.3	15	48762548	48763093
CXE	GACAGGGACAGGAGAGCAAT	GAACTCTAGGGACTGGCCAG	hg19	COL1A1	COL1A1-001	-	15/50	515	58.6	17	48273106	48273620
GXYUK1	TGGTGCAGTAAGTTGCCTTG	TTAGCTCCTGGAACACCTGG	hg19	COL3A1	COL3A1-001	19/51	-	433	35.3	2	189859052	189859484
GXYUK3	TTCTCCCAGAGTTATCCCCA	CACTTACAGGGCTACCACGA	hg19	COL3A1	COL3A1-001	-	32/50	412	39.6	2	189865911	189866322
GXYUK4	TGGCAATTATCACTTGTTATTCATCA	TTCAGATAGGCTAGATCAAACAAAAA	hg19	COL5A2	COL5A2-001	-	47/53	571	31.3	2	189907723	189908293
GXYUK6	AGAACATTACAGGTACCCCCTA	GTGGAGGTTCAGAGGAGAGG	hg19	COL5A2	COL5A2-001	-	18/53	523	44.6	2	189933381	189933903
GXYUK7	TGCTTGGAAGAATTCTTGGCA	TACTACTGCTTGGTGGCCAA	hg19	COL5A2	COL5A2-001	-	16/53	560	33.90000000000001	2	189942852	189943411
GXYUK9	ACTCAAGAGAAGACAGTTCATCTC	CACACGGAAGCATGTTCTCA	hg19	COL1A2	COL1A2-001	-	48/51	472	46.40000000000001	7	94056382	94056853
GXYY1	GCCAATGCAAAGCAGACAAC	TGTTCATAAAATAGTGAGCTACATCAG	hg19	COL5A2	COL5A2-001	-	11/53	533	33.4	2	189948513	189949045
GXYY2	GGACCAAAAGGTGATGCTGG	CCCCCTTCAAAACTGACAGTC	hg19	COL3A1	COL3A1-001	-	40/50	600	39.8	2	189868807	189869406
GXYY3	GCCCTTTTCACAAGCTGGAA	CCCAGAGGCACCATTTTGAA	hg19	COL5A2	COL5A2-001	-	44/53	595	38.2	2	189913678	189914272
GXYY4	GTGCATCAGAGAGGACTTGC	GGAGGGAAGACTGGGATGAG	hg19	COL1A1	COL1A1-001	-	8/50	508	51.2	17	48274966	48275473
GXYY5	TGCCCCAAGCTAATCACCAA	CATCAGTCCAGGAGCTCCAG	hg19	COL3A1	COL3A1-001	-	16/50	522	34.300000000000004	2	189858474	189858995
GXYY6	ATGGTAAGCTGTCCCCACTC	GGCACCATTCTTACCAGGCT	hg19	COL3A1	COL3A1-001	18/51	-	485	41.4	2	189858806	189859290
GXYY7	CCACAACAATGGCACTGCTA	AGGCATATTCAGCTTTTGGCA	hg19	COL1A2	COL1A2-001	8/52	-	541	42.1	7	94033770	94034310
GXYY8	ACCTCCTGGGGTTTCAGAAG	CCTGTCAGATCCCTCCCAAG	hg19	COL5A1	COL5A1-001	-	29/65	572	56.99999999999999	9	137676420	137676991
GXYY9	ATCACGTGACCCTAAAGGCA	TGAGTTCAGGATGGCAGAATT	hg19	COL3A1	COL3A1-001	48/51	-	452	45.4	2	189873490	189873941
HUK1	CTGGCTTTGACACCGAACTG	TCTGGCCTTAGCAGTGAGTT	hg19	TGFB2	TGFB2-002	6/8	-	530	42.1	1	218609071	218609600
HUK10	CACCAAAAGGAAGACAGCCC	CAGACGACCTTTGCCCAAAG	hg19	FBN1	FBN1-001	12/66	-	486	43.6	15	48807369	48807854
HUK2	TGTGCCTACAACCTATCAACTG	TGAATTGGTTACCATTATTCACACCT	hg19	COL3A1	COL3A1-001	-	10/50	494	28.7	2	189855435	189855928
HUK3	GGACCAGGAAGTGATGGGAA	AGCTCCCTTCCTACATGCAA	hg19	COL3A1	COL3A1-001	-	23/50	497	38.2	2	189860872	189861368
HUK4	ACACACTGTTTGTTTGTCAACT	TCTGTAGTGATTATGAATGTCAGAGA	hg19	COL3A1	COL3A1-001	-	28/50	573	30.0	2	189863089	189863661
HUK5	TGTTGTTGCATGTAGGGACAG	ACCTTTGACACCTTGGGGAC	hg19	COL3A1	COL3A1-001	-	36/50	501	40.9	2	189867666	189868166
HUK7	CATTTCACAGGGTGCTGCTG	TCCAGTGATCCCAGCAATCC	hg19	COL3A1	COL3A1-001	39/51	-	572	42.3	2	189868450	189869021
HUK8	TCTTTGTGGTTCAGTGCTGC	CTGGATTCTCAGCATTTCTCAGT	hg19	FBN1	FBN1-001	53/66	-	559	34.9	15	48728946	48729504
HUK9	CCCAGGACTTCTTGGACCAA	CCTGGAAACCTGCTTCCTGA	hg19	FBN1	FBN1-001	25/66	-	407	46.9	15	48781862	48782268
HXE1	TGTGTTGTGGAGTGCAAGTG	TTCTGAGTTTTCAACATGACCTTT	hg19	SMAD4	SMAD4-201	9/12	-	400	37.5	18	48591719	48592118
LUK12	ATCCCTCTCTGTGTACCCCT	TAAGTACCCTGCTGTGTCCC	hg19	COL1A1	COL1A1-001	45/51	-	400	57.99999999999999	17	48265056	48265455
LUK4	TCCCAGTGCTTTTTAAGGCC	GGGATAGCAATGTGGACAGG	hg19	COL3A1	COL3A1-001	47/51	-	592	42.2	2	189872559	189873150
LUK5	AAGTGATGGCAGCCTACCTT	CAGGACCAGGGACTTTGGAT	hg19	MYLK	MYLK-001	25/34	-	444	52.90000000000001	3	123375956	123376399
LUK6	TGTCTTTTGTGAGTGGCAGC	CTGGGCATTCACCATCAAGG	hg19	COL5A1	COL5A1-001	5/66	-	560	49.8	9	137618943	137619502
LUK9	CTCTTTCTGCCCAGCCTTTC	CTGTAGGCAGGCTCAGACTT	hg19	COL5A1	COL5A1-001	-	19/65	538	59.5	9	137655266	137655803
LXE1	CCCACAGGACCAGAAGGAC	AAACCCATTCAACTGTCCTGA	hg19	COL5A2	COL5A2-001	-	27/53	551	42.3	2	189927598	189928148
LXE2	AAATGTTGTGCCATTGGTCTC	CCTAAGTGCGTGGAAAGAACA	hg19	COL1A2	COL1A2-001	41/52	-	578	39.6	7	94053420	94053997
LXE5	TTGCTTCTTCACCAGTGCAA	TATGCATGCTGGAATGGCTG	hg19	COL3A1	COL3A1-001	-	5/50	487	33.90000000000001	2	189852468	189852954
LXE6	GCCAACTCAGCCTTTTCTCT	CTCCCCCACCTCATATGACC	hg19	TGFB2	TGFB2-002	-	4/7	439	41.2	1	218607385	218607823
LXE7	TGACGTCCTCTCTTTGTAACCA	TTCCCATCACTTCCTGGTCC	hg19	COL3A1	COL3A1-001	-	22/50	563	38.5	2	189860329	189860891
HX1	TTAGTGCTTCATGCTCCCCA	GTGAAGGCCCAGGAGTAAGT	hg19	TGFBR2	TGFBR2-001	-	6/6	542	45.9	3	30729775	30730316
HX3	GGCAGTTTTCTCCCAGCAAT	TCCATCTTGGTGCTTGGACT	hg19	FBN1	FBN1-001	-	18/65	503	37.6	15	48789387	48789889
HX4	TGAAAGCCCGCATTACACAC	TGATTGACGGTTTTCAGGCA	hg19	FBN1	FBN1-001	-	13/65	551	31.2	15	48802270	48802820
HX5	AATGCCTGGCTTCTCTGACT	CCATGGGAAGTTTGAAGGCA	hg19	FBN1	FBN1-001	-	33/65	554	39.0	15	48766398	48766951
HX7	GGCTTCCCCATCAGTTACCT	CATGCGGATGACCCTTCTTG	hg19	FBN1	FBN1-001	-	34/65	420	44.0	15	48764730	48765149
HX9	TGATCTCACATCGCCCATCA	TCAGCCAAGTCCCGTATTCT	hg19	FBN1	FBN1-001	21/66	-	595	34.599999999999994	15	48787404	48787998
HX10	TGCAAAGACCATTGGAGTGG	ATGGAGTCTGCAAGAACAGC	hg19	FBN1	FBN1-001	-	21/65	483	39.1	15	48787270	48787752
HX11	GATCCACCCACCTCTGTCTC	CAGCCTCCCTGTTATCCCTC	hg19	AF001548.5	MYH11-013	29/43	-	489	59.3	16	15820463	15820951
HX12	GCCCCTGAAGTTCTCGATGA	TTGACACCCAGGTACATGCT	hg19	TGFBR1	TGFBR1-001	-	7/8	459	42.7	9	101908774	101909232
HX13	CTTTGTTCCCCAGCCCTTTC	AGGCCCAGTCAGCAATAAGT	hg19	MYLK	MYLK-001	-	31/33	554	51.4	3	123338999	123339552
HX16	AATGGCCAGTCAGTCCTCAT	TTAAGCAGGTGTGGACGTTG	hg19	FBN1	FBN1-001	31/66	-	583	36.7	15	48775795	48776377
HX17	AATACTGGCGTGTTGTGAGC	TGTTGCTGTCCATGATCCCT	hg19	FBN1	FBN1-001	-	55/65	421	47.0	15	48724811	48725231
HX18	GTCTCCCTCTGTTGCAGACT	AGATGATACCCAGCCTCTGC	hg19	FBN1	FBN1-001	27/66	-	506	47.6	15	48780170	48780675
HX19	ACCTGCTCCATTGGTCATGA	GTTTCTCTGCCCCTCTGTCT	hg19	FBN1	FBN1-001	-	57/65	506	47.0	15	48719762	48720267
HX20	GATAAGGCAGCTCTGGGGTT	ACTGCTTTGTAACCCCTGGA	hg19	TGFBR2	TGFBR2-001	-	4/6	501	41.9	3	30715334	30715834
HX21	CCAGCAGAGGATCATTGTGC	TTTAGGGAGCCGTCTTCAGG	hg19	TGFBR2	TGFBR2-001	-	6/6	454	56.39999999999999	3	30732625	30733078
HX22	TTCCTTCAGGCATAGACGCA	AACTGCTCAACCAGTCTTCAA	hg19	FBN1	FBN1-001	13/66	-	525	40.0	15	48805524	48806048
HX23	CTTCAGCTGCTCTCTCGAGA	ACAGGGACAGTGATGCATGA	hg19	FBN1	FBN1-001	7/66	-	515	47.6	15	48829630	48830144
CX1	ACCACTAGAGCACCCCTAGA	GACTTCACTGTGCATGGCAA	hg19	FBN1	FBN1-001	36/66	-	564	45.6	15	48762561	48763124
CX2	TGATCTCACATCGCCCATCA	TCAGCCAAGTCCCGTATTCT	hg19	FBN1	FBN1-001	21/66	-	595	34.599999999999994	15	48787404	48787998
LX3	GCTCATCCCAAGCCATGAAG	TGGCCTCCCATTTCTGAACT	hg19	MYLK	MYLK-001	-	31/33	522	47.9	3	123345347	123345868
LX5	CCTATCCCCCTGCTTTTCCA	GCCCTTTGCCAATTTCCAGA	hg19	MYLK	MYLK-001	-	17/33	587	53.2	3	123426283	123426869
LX6	TATGCACCTTGGCACCAGTA	GACCTCCCTAACCAATCCCC	hg19	MYLK	MYLK-001	-	16/33	486	58.4	3	123427298	123427783
LX7	CTCACCATTCAGCAGCCAAG	AACAAGCAGGAAGGAGCTCT	hg19	MYLK	MYLK-001	-	12/33	492	58.9	3	123444786	123445277
LX8	TTCAGGGTCCCTAGGGCTAT	TGCCCACCAAAGTTTGCTAC	hg19	MYLK	MYLK-001	-	8/33	528	50.2	3	123457330	123457857
LX9	GAGCCACTGTGATTTGAGGC	CATAGTGACACAGCCCATGC	hg19	MYLK	MYLK-001	-	7/33	535	47.9	3	123458451	123458985
LX10	CTTCCTGCCTAACCACCGTA	AATCTCTGCCTCACGGAACC	hg19	TGFBR1	TGFBR1-001	-	3/8	460	35.9	9	101899851	101900310
LX12	GTCATGTGGGCTGAAATGCT	AGCAGGCAAGACCATGAGAT	hg19	TGFBR1	TGFBR1-001	6/9	-	426	36.2	9	101906894	101907319
LX13	TGAGAGCCTGTGCACTTACA	ACTTCACAGCTCTGCCATCT	hg19	TGFBR1	TGFBR1-001	-	7/8	472	37.5	9	101909597	101910068
LX14	TTTGCTGGAAGGATGGCATG	GGAAGGGATCAGCTACCTCC	hg19	FBN1	FBN1-001	66/66	-	499	37.5	15	48702878	48703376
LX15	AAGCATGGTTCTCCTCTGCT	GCCTGGTGCATTTGACTTCA	hg19	FBN1	FBN1-001	64/66	-	583	52.0	15	48707628	48708210
LX16	CCTTGCTGTGTTTCCTGCTT	TGGACGAGTGTGAGGGTAAC	hg19	FBN1	FBN1-001	-	63/65	570	45.4	15	48712431	48713000
LX17	GACCCGCACAGATTGATGTC	GATGAGTGTGCAACCAAGCA	hg19	FBN1	FBN1-001	-	61/65	417	41.7	15	48713844	48714260
LX18	AAGCCCAGAAACCAGAGGAA	TGGTGCAATACGGACTCAGT	hg19	FBN1	FBN1-001	-	51/65	469	42.6	15	48729705	48730173
LX19	AATGGCCAGTCAGTCCTCAT	TTAAGCAGGTGTGGACGTTG	hg19	FBN1	FBN1-001	31/66	-	583	36.7	15	48775795	48776377
LX20	GCAGCACTGGGACTTTAAGG	CCCAGCTTTACTGTGTGGGA	hg19	FBN1	FBN1-001	-	21/65	533	36.0	15	48787369	48787901
LX21	TGATCTCACATCGCCCATCA	TCAGCCAAGTCCCGTATTCT	hg19	FBN1	FBN1-001	21/66	-	595	34.599999999999994	15	48787404	48787998
LX22	CTTCAGCTGCTCTCTCGAGA	ACAGGGACAGTGATGCATGA	hg19	FBN1	FBN1-001	7/66	-	515	47.6	15	48829630	48830144
LX23	ACTCTTCTCGCCTCCCAAAA	GGAGATCGCCCTGGGATTTA	hg19	FBN1	FBN1-001	-	2/65	408	55.60000000000001	15	48936539	48936946
LX25	AGTAGGAAGCCGATGAGTGG	CGAACTCACACAGCTCCATG	hg19	SMAD3	SMAD3-001	-	1/8	489	59.1	15	67456872	67457360
LX26	TTCTTTCTGCTGTGTTGGGC	TAAATGTCAGGGGGCTGGAG	hg19	SMAD3	SMAD3-001	-	5/8	534	53.40000000000001	15	67462783	67463316
LX28	CGCATGGACTGGTGAATAGC	CAGCTGATTTCTGGCTCTGC	hg19	MYH11	MYH11-013	33/43	-	490	51.4	16	15815205	15815694
LX30	TGGAGCTTAGGAGTTTCGGG	GGACAAACTGGCACGAGATG	hg19	MYH11	MYH11-013	25/43	-	460	37.6	16	15832287	15832746
LX33	TCAGCAAAAACTGGGGCATC	CTGCATTCTCATGGTGAGCC	hg19	MYH11	MYH11-013	20/43	-	556	49.3	16	15841188	15841743
LX34	ATCTCGCTCCTCCTCTAGGT	ACGGTAAGTCCCAAGGTCTG	hg19	MYH11	MYH11-013	-	19/42	418	56.89999999999999	16	15841489	15841906
LX35	GACGTCACGGTTGGAAAACA	TCCATTGGGCACAGGGTAAT	hg19	MYH11	MYH11-013	15/43	-	577	53.40000000000001	16	15849984	15850560
LX37	CTCCCTCAGGTTGTGTAGCA	GTTCCTAGACAGGGCAAGGT	hg19	MYH11	MYH11-013	2/43	-	424	56.39999999999999	16	15931789	15932212
LX38	GGGTGGGTTCATCTTCTGGA	ACCTTGTCCAGCCCTACTTC	hg19	MYH11	MYH11-013	-	1/42	584	52.6	16	15931864	15932447
HZ1	TGGCCTCAAACAGCCTATGA	TCCAACCTTAGTAGGGGTAAGC	hg19	COL3A1	COL3A1-001	-	4/50	555	36.8	2	189851445	189851999
HZ2	TGGAGAACCTGGCAGAGATG	ACACACTCAAGGATAGGCCA	hg19	COL3A1	COL3A1-001	-	22/50	511	36.6	2	189860471	189860981
HZ3	AGGGCTCGTATTATGGCACT	CTCTTCCAGGTTCACCAGCT	hg19	COL3A1	COL3A1-001	-	40/50	599	34.2	2	189869583	189870181
HZ4	TCTCAATATGCAAGCGGGGA	AGCCTCCCAGAACATCACTT	hg19	COL5A2	COL5A2-001	-	53/53	555	35.3	2	189899253	189899807
HZ5	CATGCCCGGCCTTACATAAA	GTTCCTGGGCAGAGGGTAAA	hg19	COL5A2	COL5A2-001	-	29/53	552	32.4	2	189927199	189927750
HZ6	CACTGTTCTCTCTCCCTCCC	TGTTGCATAGCAGGCACTTG	hg19	COL1A2	COL1A2-001	-	36/51	583	48.5	7	94049467	94050049
LZ2	CTTGTGGGCATGTTTGGGAA	GCAGCTCTCAAACCCCTTTC	hg19	COL5A1	COL5A1-001	-	34/65	533	57.8	9	137686989	137687521
LZ8	TTTTACTCCAGGCTGTCCGT	ATCTTTGTCTCCTCCTAGGGT	hg19	COL5A2	COL5A2-001	-	38/53	504	30.4	2	189917718	189918221
LZ13	GGAGACAAGCATCAATCATAGGG	GCATGTTTCCCCAGTTTCCA	hg19	COL3A1	COL3A1-001	-	48/50	480	32.9	2	189874507	189874986
LZ14	TATCCCCACCCTGGATACCA	ACCTTCCCTCTCCTTCTGTC	hg19	COL1A2	COL1A2-001	-	16/51	549	41.2	7	94037889	94038437
HX6_RD	TGTCCTCGGCACTAACATGT	AGAGTTGGGGAGGAGTTTGG	hg19	MYLK	MYLK-001	-	21/33	660	55.50000000000001	3	123400602	123401261
HX14_RD	AAAGGAGAACTGGCTGGAGT	TCCACTACTCACTGTTCGGT	hg19	FBN1	FBN1-001	-	37/65	676	40.2	15	48760081	48760756
CX3_RD	ATCTCATCTCTGGAGGCACG	AGACGGAACTGGAAGACGAG	hg19	MYH11	MYH11-013	-	35/42	645	57.1	16	15813512	15814156
LX2_RD	TCCCCTCGCTTCCAATGAAT	AATGTTTGCCCCAGTCAACC	hg19	TGFBR2	TGFBR2-001	3/7	-	430	45.1	3	30691729	30692158
LX4_RD	TGTCTACAAAGGCGGGGATT	GTGGGTCACTTCTGAGGGAA	hg19	MYLK	MYLK-001	23/34	-	564	53.5	3	123384849	123385412
LX11_RD	AGAGGGGCTTACTCTGAGGA	CTGGCCATGAACTCCTGAGA	hg19	TGFBR1	TGFBR1-001	5/9	-	535	40.7	9	101904612	101905146
LX27_RD	AAGCTACACACACAGCCTCT	TTAACCGGGCTCCTTCTTGT	hg19	MYH11	MYH11-013	-	42/42	405	50.1	16	15802354	15802758
LX29_RD	CCAGGAACGCAACTAGAGGA	AAATTAGTCGGGCATGGTGG	hg19	AF001548.5	MYH11-013	29/43	-	654	58.3	16	15820574	15821227
LX32_RD	TCCAGAGTGAAGAAGCAGGG	AGCTAAGTCCAGGGCATGTT	hg19	MYH11	MYH11-013	-	20/42	414	57.49999999999999	16	15838926	15839339
LX36_RD	TAAATGTCACCTCCCCCACC	CTGCGTGGCATTCCATTGTA	hg19	MYH11	MYH11-013	-	10/42	348	48.3	16	15857587	15857934
HZ10_RD	TAATCCACCTACCCTGGCCT	TGTTGGCCACCTCATCATGA	hg19	COL5A2	COL5A2-001	-	29/53	732	35.7	2	189927147	189927878
LZ1_RD	TACCTGAGACCCTCTGTTCA	GAAAGGCCCCCAATGCATAC	hg19	COL5A2	COL5A2-001	52/54	-	360	37.8	2	189901339	189901698
FUK5	GTGCAAATCTGAGGCTTCACA	TCCTCCATGCTTTGAAGAGGA	hg19	COL3A1	COL3A1-001	-	23/50	598	37.3	2	189860735	189861332
FUK6	GTGGCACAACGTTTCTACCC	CTACCTTGCCTCCTGGAGC	hg19	COL3A1	COL3A1-001	-	28/50	593	33.1	2	189862856	189863448
FUK7	ACGGCATTCACTTTAGATGGTG	ACACAGGTGTAAAACATGCTGT	hg19	COL5A2	COL5A2-001	-	45/53	524	31.7	2	189912562	189913085
FUK8	GGAAAAAGCCTAGTAAGCGCT	TGTGCTATGAAACTAGCATATCCT	hg19	COL5A2	COL5A2-001	33/54	-	441	35.4	2	189922993	189923433
FUK9	GACAGTGAGCACCCAGAATG	TTTCACTGGTGTGTTGACGC	hg19	MYLK	MYLK-001	30/34	-	570	57.49999999999999	3	123356656	123357225
FUK10	TGCCACTTTCCTTCCTGTCT	GCAGAAAGTTCCCTGGCTTT	hg19	MYLK	MYLK-001	20/34	-	475	56.2	3	123411394	123411868
FUK11	ACAAAGCCTACCTTGACCCT	TGGGTCTAATCTACATGAGAGACA	hg19	TGFBR1	TGFBR1-001	4/9	-	593	34.9	9	101899903	101900495
FUK12	TCACTCTTTGTCCACCTGCT	GGGTCCAAAGAAATCCTGGG	hg19	TGFBR1	TGFBR1-001	9/9	-	502	36.3	9	101911252	101911753
FUK13	TCTCTGGGCCATAAAGTGCA	ATCTCCTTTGTCACCAGGGG	hg19	COL5A1	COL5A1-001	-	51/65	552	57.6	9	137707262	137707813
FUK14	CCCATGGTGAGTCACATTCC	TCCCACTGCAGAAATGTCCT	hg19	COL5A1	COL5A1-001	-	57/65	529	59.9	9	137710742	137711270
FUK15	AAGAAGGGAAATCACAATTGCTT	TGTGCAAGTGGAAATGGGAA	hg19	FBN1	FBN1-001	-	48/65	500	33.4	15	48737191	48737690
FUK16	CCCCATGTTGATGCCTAAGG	GGCATGTGATCTGGGGATCT	hg19	FBN1	FBN1-001	43/66	-	600	36.2	15	48752163	48752762
FUK17	CTGAGGTTTTCTGTGCAGCA	GCCAAAACATTGCTGCACTG	hg19	FBN1	FBN1-001	35/66	-	415	46.0	15	48764553	48764967
FUK18	TGAAGGGCCATGAATATTTGGT	GTCTCGAGGGGAAAGTACTCA	hg19	FBN1	FBN1-001	-	32/65	523	31.7	15	48773522	48774044
FUK19	AGGCACACTGATACTTCCCT	TAGCACCAGAGAGTTGTCCC	hg19	FBN1	FBN1-001	28/66	-	451	49.9	15	48779317	48779767
FUK20	CCCAGGACTTCTTGGACCAA	GGATACTTACCCCAGAGCCT	hg19	FBN1	FBN1-001	25/66	-	584	45.5	15	48781862	48782445
FUK21	TGCTGCATATTTCTCCCTGTG	TCCTATTTTCAGGTGAACAGCA	hg19	FBN1	FBN1-001	-	22/65	482	35.5	15	48786291	48786772
FUK22	AGCTCAGAACCCCTAACCAC	AATGTCAGCTTTTCCTGCAAAA	hg19	FBN1	FBN1-001	22/66	-	582	40.40000000000001	15	48787031	48787612
FUK23	TGGCAATTAAAATGCCAATTACAAGT	TGCTACAGGAGTTTTGCCTT	hg19	FBN1	FBN1-001	20/66	-	459	34.9	15	48788097	48788555
FUK24	AGCTCTTTGGATGGCTGGAT	TGCACATGCCAAAACTCAAGA	hg19	FBN1	FBN1-001	15/66	-	502	37.1	15	48800611	48801112
FUK25	TGCCACAGAAGTTTCATCACA	TGAGTTTGCAAATGGAGGGAG	hg19	FBN1	FBN1-001	-	14/65	463	34.599999999999994	15	48801991	48802453
FUK26	ATCATGCACATTGCCACTGG	CTAGCACACAGGGGCAAAAG	hg19	FBN1	FBN1-001	10/66	-	442	54.8	15	48812784	48813225
FUK27	AAGCAAGGTGGTGAAGGTAAA	CAACTCCTGTGAGCTGTTGC	hg19	FBN1	FBN1-001	-	5/65	413	37.8	15	48892089	48892501
FUK31	CCCTTGGGACTTCTGTAGCT	AGGCACTCAGATTTCACCAA	hg19	COL1A1	COL1A1-001	-	10/50	538	53.90000000000001	17	48274247	48274784
FUK32	TAGACAGCACTACCACCTGG	ATTCCTCCCAATCATGCCAG	hg19	SMAD4	SMAD4-201	-	7/11	557	35.9	18	48584707	48585263
GXYUK2_RD	GGCTACAGTGAGCCAAGATT	TGCTTTGGTAAACTGTAACAACA	hg19	COL3A1	COL3A1-001	25/51	-	578	40.3	2	189861650	189862227
GXYUK5_RD	GGGTGTGCAAAACTGTCAGT	AGTCCCTTAGTTCAGTGCCT	hg19	COL5A2	COL5A2-001	-	45/53	730	35.9	2	189910484	189911213
HUK6_RD	AGTTCCTGGTTTTCAAAGGCT	TACCAGGAGGACCAGGAAGA	hg19	COL3A1	COL3A1-001	-	37/50	457	37.4	2	189868052	189868508
LUK10_RD	TTCTCAGAGGATGTGCAGGG	GTAGACCCTTTCCCAGCACT	hg19	COL5A1	COL5A1-001	-	37/65	606	56.89999999999999	9	137690131	137690736
WYN2	CCCTCTGCCACATGAACATC	GCCAAAGACTGTGTCTGAGG	hg19	MYLK	MYLK-001	19/34	-	534	56.2	3	123418980	123419513
WYN4	CAGCCTCCAGACTGTCCAG	TACGATCAGGAGCTGGCATT	hg19	MYLK	MYLK-001	-	10/33	572	48.4	3	123452972	123453543
WYN5	GCATAAGTACAGGTACGTATTGCT	ACATAATATGCCTTCCATCTCCAG	hg19	COL1A2	COL1A2-001	-	3/51	535	24.7	7	94027461	94027995
WYN6	ACTTTCTTGCAGGGTAGTCC	TCATGCTGATAGGAGGACCA	hg19	COL1A2	COL1A2-001	-	23/51	560	41.1	7	94040189	94040748
WYN7	AAAGCATTGGCAAAGGTCGA	GCTATCTGAGCCCTATTCTCAA	hg19	TGFBR1	TGFBR1-001	-	4/8	538	34.0	9	101900192	101900729
WYN8	CGAGAAGGGTGAGACAGGAG	GGGGCATCGTCTGGAAATTC	hg19	COL5A1	COL5A1-001	-	48/65	544	54.8	9	137704315	137704858
WYN9	CTGTTCACAGGGCTTGTTCC	CTGGGCAGAGAGTCATTTAAAGT	hg19	FBN1	FBN1-001	-	41/65	421	39.2	15	48755298	48755718
WYN11	CAGCATTGAAATGGGGGTCC	TGAGTTGTCAGGGTGGACTC	hg19	MYH11	MYH11-013	-	37/42	560	54.6	16	15812681	15813240
WYN12	TACTGACTACGGTGACCAGC	TGAAGAACAGCTGGAGGAGG	hg19	MYH11	MYH11-013	-	24/42	568	48.9	16	15833473	15834040
