Primer	F_Primer	R_Primer	Genome	Gene	Transcript	Exon	Intron	Product_Size	GC%	Chrom	Start	End
FRD7	CAGCACTGGGACTTTAAGGT	CCCAGCTTTACTGTGTGGGA	hg19	FBN1	FBN1-001	-	21/65	532	35.9	15	48787370	48787901
HX10	TGCAAAGACCATTGGAGTGG	ATGGAGTCTGCAAGAACAGC	hg19	FBN1	FBN1-001	-	21/65	483	39.1	15	48787270	48787752
LX20	GCAGCACTGGGACTTTAAGG	CCCAGCTTTACTGTGTGGGA	hg19	FBN1	FBN1-001	-	21/65	533	36.0	15	48787369	48787901
HX6_RD	TGTCCTCGGCACTAACATGT	AGAGTTGGGGAGGAGTTTGG	hg19	MYLK	MYLK-001	-	21/33	660	55.50000000000001	3	123400602	123401261
