Primer	F_Primer	R_Primer	Genome	Gene	Transcript	Exon	Intron	Product_Size	GC%	Chrom	Start	End
FRD1	GGGAGAGAACTAGTGCAGGA	GGAAACCTTGAGGGCCCTAA	hg19	COL1A2	COL1A2-001	-	6/51	323	42.4	7	94033698	94034020
LX31_RD	ATCTGCTGGGCCATCTTCTT	ACTCGCAGGTACCTGTATGG	hg19	AF001548.6	MYH11-013	23/43	-	301	62.1	16	15835324	15835624
LX36_RD	TAAATGTCACCTCCCCCACC	CTGCGTGGCATTCCATTGTA	hg19	MYH11	MYH11-013	-	10/42	348	48.3	16	15857587	15857934
LZ10_RD	TACAAGAAGGAGAGCGCCAA	AGTAGATGTGGAGCTCGTCG	hg19	SKI	SKI-001	1/7	-	310	69.69999999999999	1	2160344	2160653
