Primer	F_Primer	R_Primer	Genome_Version
FRD1	GGGAGAGAACTAGTGCAGGA	GGAAACCTTGAGGGCCCTAA	hg19
FRD2	TGCCAATGCAAAGCAGACAA	ACATTAGCTTTCTAAAGAAGACTGTT	hg19
FRD3	CCTGCCATGCTGGTCAATAC	GCATCACCCTTTGGACCCT	hg19
FRD4	CGTGGGTCCTGCTGTAAGTT	TCTGCAAACACAGTTCCAATCT	hg19
FRD5	GGTCCAAAGGCTGTACGGAT	GTGGGTCACTTCTGAGGGAA	hg19
FRD6	CAGGAGTAGGTACCTGGCTG	CTTTCTGAAGGGCCTTTGGG	hg19
FRD7	CAGCACTGGGACTTTAAGGT	CCCAGCTTTACTGTGTGGGA	hg19
FRD8	TTTCTGTGCCTCCTCCCTG	TGAGCTTCTCCTCCTGCTTC	hg19
FRD9	CTGCTCTCCTATGCCCTCAA	ACAGCCAGCTAGCAACAGAG	hg19
FRD10	GCCAGGTTAGAGAAGGGAGG	CTCTTAGACCCGGGGGAAAG	hg19
FRD11	GCCAGAAGCCTTCACCTTTG	TGCTCCCCTGTATACTTGGC	hg19
FRD12	GTGTTCAGTTGTTGAGGGCT	AAGCCTCTGGGAAGAATGGT	hg19
FRD13	TGCACTCAGAGTAACCACCT	ACTGCTTGGTGGCCAATTATC	hg19
FRD14	CTTAAGGGCCTTGGGAGGAA	TTCAGTCCAAGAGCTCCCTG	hg19
