Primer	F_Primer	R_Primer	Genome	Gene	Transcript	Exon	Intron	Product_Size	Primer_Range	GC%
FRD1	GGGAGAGAACTAGTGCAGGA	GGAAACCTTGAGGGCCCTAA	hg19	COL1A2	COL1A2-001	-	6/51	323bp	chr7:94033698-94034020	42.4
FRD2	TGCCAATGCAAAGCAGACAA	ACATTAGCTTTCTAAAGAAGACTGTT	hg19	COL5A2	COL5A2-001	-	12/53	367bp	chr2:189948512-189948878	34.9
FRD3	CCTGCCATGCTGGTCAATAC	GCATCACCCTTTGGACCCT	hg19	COL3A1	COL3A1-001	-	28/50	669bp	chr2:189862748-189863416	32.0
FRD4	CGTGGGTCCTGCTGTAAGTT	TCTGCAAACACAGTTCCAATCT	hg19	COL1A2	COL1A2-001	-	15/51	535bp	chr7:94037680-94038214	40.9
FRD5	GGTCCAAAGGCTGTACGGAT	GTGGGTCACTTCTGAGGGAA	hg19	MYLK	MYLK-001	-	22/33	409bp	chr3:123385004-123385412	55.00000000000001
FRD6	CAGGAGTAGGTACCTGGCTG	CTTTCTGAAGGGCCTTTGGG	hg19	MYH11	MYH11-013	2/43	-	574bp	chr16:15931731-15932304	54.50000000000001
FRD7	CAGCACTGGGACTTTAAGGT	CCCAGCTTTACTGTGTGGGA	hg19	FBN1	FBN1-001	-	21/65	532bp	chr15:48787370-48787901	35.9
FRD8	TTTCTGTGCCTCCTCCCTG	TGAGCTTCTCCTCCTGCTTC	hg19	SKI	SKI-001	5/7	-	433bp	chr1:2235557-2235989	66.3
FRD9	CTGCTCTCCTATGCCCTCAA	ACAGCCAGCTAGCAACAGAG	hg19	SLC2A10	SLC2A10-001	2/5	-	471bp	chr20:45354117-45354587	63.1
FRD10	GCCAGGTTAGAGAAGGGAGG	CTCTTAGACCCGGGGGAAAG	hg19	COL1A1	COL1A1-001	2/51	-	543bp	chr17:48276844-48277386	65.60000000000001
FRD11	GCCAGAAGCCTTCACCTTTG	TGCTCCCCTGTATACTTGGC	hg19	COL5A1	COL5A1-001	6/66	-	651bp	chr9:137620238-137620888	62.7
FRD12	GTGTTCAGTTGTTGAGGGCT	AAGCCTCTGGGAAGAATGGT	hg19	TGFB2	TGFB2-002	-	5/7	705bp	chr1:218608948-218609652	42.699999999999996
FRD13	TGCACTCAGAGTAACCACCT	ACTGCTTGGTGGCCAATTATC	hg19	COL5A2	COL5A2-001	-	16/53	600bp	chr2:189942808-189943407	34.300000000000004
FRD14	CTTAAGGGCCTTGGGAGGAA	TTCAGTCCAAGAGCTCCCTG	hg19	COL5A1	COL5A1-001	-	39/65	625bp	chr9:137696399-137697023	61.8
